Microchip MPLAB XC8 Compiler V2.41

Linker command line:

-W-3 \
  --edf=C:\Program Files\Microchip\xc8\v2.41\pic\dat\20230208172133_en.msgs \
  -cn -h+dist/default/production\Sistema_Seguridad.X.production.sym \
  --cmf=dist/default/production\Sistema_Seguridad.X.production.cmf -z \
  -Q16F887 -oC:\Users\estiv\AppData\Local\Temp\xcAsfag.\driver_tmp_3.o \
  --defsym=__MPLAB_BUILD=1 --fixupoverflow=error \
  -Mdist/default/production/Sistema_Seguridad.X.production.map \
  --md=C:\Users\estiv\AppData\Local\Temp\xcAsfag.\driver_tmp_0.dat -E1 \
  -ver=XC8 Compiler --acfsm=1493 -ACODE=00h-07FFhx4 -ASTRCODE=00h-01FFFh \
  -ASTRING=00h-0FFhx32 -ACONST=00h-0FFhx32 -AENTRY=00h-0FFhx32 \
  -ACOMMON=070h-07Fh -ABANK0=020h-06Fh -ABANK1=0A0h-0EFh \
  -ABANK2=0110h-016Fh -ABANK3=0190h-01EFh \
  -ARAM=020h-06Fh,0A0h-0EFh,0110h-016Fh,0190h-01EFh \
  -AABS1=020h-07Fh,0A0h-0EFh,0110h-016Fh,0190h-01EFh -ASFR0=00h-01Fh \
  -ASFR1=080h-09Fh -ASFR2=0100h-010Fh -ASFR3=0180h-018Fh \
  -ACONFIG=02007h-02008h -DCONFIG=2 -AIDLOC=02000h-02003h -DIDLOC=2 \
  -AEEDATA=00h-0FFh/02100h -peeprom_data=EEDATA -DEEDATA=2 -DCODE=2 \
  -DSTRCODE=2 -DSTRING=2 -DCONST=2 -DENTRY=2 \
  -preset_vec=00h,intentry,init,end_init -ppowerup=CODE -pcinit=CODE \
  -pfunctab=ENTRY -k \
  C:\Users\estiv\AppData\Local\Temp\xcAsfag.\driver_tmp_17.o \
  dist/default/production\Sistema_Seguridad.X.production.o 

Object code version is 3.11

Machine type is 16F887



                Name                               Link     Load   Length Selector   Space Scale
C:\Users\estiv\AppData\Local\Temp\xcAsfag.\driver_tmp_17.o
                end_init                              0        0        3        0       0
                config                             2007     2007        2        0       4
dist/default/production\Sistema_Seguridad.X.production.o
                cinit                               7DC      7DC       24      FB8       0
                config                             2007     2007        2        0       4
                text33                             1263     1263        C     24C6       0
                text32                             13B1     13B1       36     2762       0
                text31                             135C     135C       2A     26B8       0
                text30                             127E     127E       10     24FC       0
                text29                             13E7     13E7       36     27CE       0
                text28                             12E9     12E9       26     25D2       0
                text27                             130F     130F       26     261E       0
                text26                             1457     1457       41     28AE       0
                text25                               70       70      1CF       E0       0
                text24                             15BF     15BF       76     2B7E       0
                text23                             16B2     16B2       A2     2D64       0
                text22                              9C9      9C9       B8     1392       0
                text21                              23F      23F      258      47E       0
                text20                             1335     1335       27     266A       0
                text19                              497      497      345      92E       0
                text18                              A81      A81       DA     1502       0
                text17                              8C8      8C8       4E     1190       0
                text16                             1563     1563       5C     2AC6       0
                text15                              D2F      D2F      146     1A5E       0
                text14                              E75      E75      18B     1CEA       0
                text13                             12C8     12C8       21     2590       0
                text12                             14D9     14D9       44     29B2       0
                text11                             141D     141D       3A     283A       0
                text10                              C3D      C3D       F2     187A       0
                text9                               916      916       B3     122C       0
                text8                              1498     1498       41     2930       0
                text7                              1386     1386       2B     270C       0
                text6                              12B1     12B1       17     2562       0
                text5                              1635     1635       7D     2C6A       0
                text4                               B5B      B5B       E2     16B6       0
                text3                              151D     151D       46     2A3A       0
                text2                              1754     1754       AC     2EA8       0
                text1                              126F     126F        F     24DE       0
                maintext                              6        6       6A        C       0
                cstackBANK0                          20       20       4F       20       1
                cstackCOMMON                         70       70        E       70       1
                cstackBANK1                          A0       A0       33       A0       1
                clrtext                            125B     125B        8     24B6       0
                inittext                           129E     129E       13     253C       0
                dataBANK3                           1A1      1A1       10      190       1
                bssBANK3                            190      190       11      190       1
                bssBANK1                             D3       D3        D       A0       1
                bssBANK0                             6F       6F        1       20       1
                strings                             800      800       C8     1000       0
                idataBANK3                         128E     128E       10     251C       0

TOTAL           Name                               Link     Load   Length     Space
        CLASS   CODE           
                end_init                              0        0        3         0
                cinit                               7DC      7DC       24         0
                text33                             1263     1263        C         0
                text32                             13B1     13B1       36         0
                text31                             135C     135C       2A         0
                text30                             127E     127E       10         0
                text29                             13E7     13E7       36         0
                text28                             12E9     12E9       26         0
                text27                             130F     130F       26         0
                text26                             1457     1457       41         0
                text25                               70       70      1CF         0
                text24                             15BF     15BF       76         0
                text23                             16B2     16B2       A2         0
                text22                              9C9      9C9       B8         0
                text21                              23F      23F      258         0
                text20                             1335     1335       27         0
                text19                              497      497      345         0
                text18                              A81      A81       DA         0
                text17                              8C8      8C8       4E         0
                text16                             1563     1563       5C         0
                text15                              D2F      D2F      146         0
                text14                              E75      E75      18B         0
                text13                             12C8     12C8       21         0
                text12                             14D9     14D9       44         0
                text11                             141D     141D       3A         0
                text10                              C3D      C3D       F2         0
                text9                               916      916       B3         0
                text8                              1498     1498       41         0
                text7                              1386     1386       2B         0
                text6                              12B1     12B1       17         0
                text5                              1635     1635       7D         0
                text4                               B5B      B5B       E2         0
                text3                              151D     151D       46         0
                text2                              1754     1754       AC         0
                text1                              126F     126F        F         0
                maintext                              6        6       6A         0
                clrtext                            125B     125B        8         0
                inittext                           129E     129E       13         0
                idataBANK3                         128E     128E       10         0

        CLASS   STRCODE        

        CLASS   STRING         
                strings                             800      800       C8         0

        CLASS   CONST          

        CLASS   ENTRY          

        CLASS   COMMON         
                cstackCOMMON                         70       70        E         1

        CLASS   BANK0          
                cstackBANK0                          20       20       4F         1
                bssBANK0                             6F       6F        1         1

        CLASS   BANK1          
                cstackBANK1                          A0       A0       33         1
                bssBANK1                             D3       D3        D         1

        CLASS   BANK2          

        CLASS   BANK3          
                dataBANK3                           1A1      1A1       10         1
                bssBANK3                            190      190       11         1

        CLASS   RAM            

        CLASS   ABS1           
                abs_s1                               7E       7E        2         1

        CLASS   SFR0           

        CLASS   SFR1           

        CLASS   SFR2           

        CLASS   SFR3           

        CLASS   CONFIG         
                config                             2007     2007        2         4

        CLASS   IDLOC          

        CLASS   EEDATA         

        CLASS   STACK          



SEGMENTS        Name                           Load    Length   Top    Selector   Space  Class     Delta

                reset_vec                      000000  000003  000003         0       0  CODE        2
                maintext                       000006  00006A  000070         C       0  CODE        2
                cstackBANK0                    000020  000050  000070        20       1  BANK0       1
                cstackCOMMON                   000070  00000E  00007E        70       1  COMMON      1
                cstackBANK1                    0000A0  000040  0000E0        A0       1  BANK1       1
                text25                         000070  0001CF  00023F        E0       0  CODE        2
                bssBANK3                       000190  000021  0001B1       190       1  BANK3       1
                text21                         00023F  000258  000497       47E       0  CODE        2
                text19                         000497  000345  0007DC       92E       0  CODE        2
                cinit                          0007DC  000024  000800       FB8       0  CODE        2
                strings                        000800  0000C8  0008C8      1000       0  STRING      2
                text17                         0008C8  00004E  000916      1190       0  CODE        2
                text9                          000916  0000B3  0009C9      122C       0  CODE        2
                text22                         0009C9  0000B8  000A81      1392       0  CODE        2
                text18                         000A81  0000DA  000B5B      1502       0  CODE        2
                text4                          000B5B  0000E2  000C3D      16B6       0  CODE        2
                text10                         000C3D  0000F2  000D2F      187A       0  CODE        2
                text15                         000D2F  000146  000E75      1A5E       0  CODE        2
                text14                         000E75  00018B  001000      1CEA       0  CODE        2
                clrtext                        00125B  000008  001263      24B6       0  CODE        2
                text33                         001263  00000C  00126F      24C6       0  CODE        2
                text1                          00126F  00000F  00127E      24DE       0  CODE        2
                text30                         00127E  000010  00128E      24FC       0  CODE        2
                idataBANK3                     00128E  000010  00129E      251C       0  CODE        2
                inittext                       00129E  000013  0012B1      253C       0  CODE        2
                text6                          0012B1  000017  0012C8      2562       0  CODE        2
                text13                         0012C8  000021  0012E9      2590       0  CODE        2
                text28                         0012E9  000026  00130F      25D2       0  CODE        2
                text27                         00130F  000026  001335      261E       0  CODE        2
                text20                         001335  000027  00135C      266A       0  CODE        2
                text31                         00135C  00002A  001386      26B8       0  CODE        2
                text7                          001386  00002B  0013B1      270C       0  CODE        2
                text32                         0013B1  000036  0013E7      2762       0  CODE        2
                text29                         0013E7  000036  00141D      27CE       0  CODE        2
                text11                         00141D  00003A  001457      283A       0  CODE        2
                text26                         001457  000041  001498      28AE       0  CODE        2
                text8                          001498  000041  0014D9      2930       0  CODE        2
                text12                         0014D9  000044  00151D      29B2       0  CODE        2
                text3                          00151D  000046  001563      2A3A       0  CODE        2
                text16                         001563  00005C  0015BF      2AC6       0  CODE        2
                text24                         0015BF  000076  001635      2B7E       0  CODE        2
                text5                          001635  00007D  0016B2      2C6A       0  CODE        2
                text23                         0016B2  0000A2  001754      2D64       0  CODE        2
                text2                          001754  0000AC  001800      2EA8       0  CODE        2


UNUSED ADDRESS RANGES

        Name                Unused          Largest block    Delta
        BANK1            00E0-00EF             10           1
        BANK2            0110-016F             60           1
        BANK3            01B1-01EF             3F           1
        CODE             0003-0005              3           2
                         1000-125A            25B
                         1800-1FFF            800
        CONST            0003-0005              3           2
                         1000-125A            100
                         1800-1FFF            100
        EEDATA           2100-21FF            100           2
        ENTRY            0003-0005              3           2
                         1000-125A            100
                         1800-1FFF            100
        IDLOC            2000-2003              4           2
        RAM              00E0-00EF             10           1
                         0110-016F             60
                         01B1-01EF             3F
        SFR0             0000-001F             20           1
        SFR1             0080-009F             20           1
        SFR2             0100-010F             10           1
        SFR3             0180-018F             10           1
        STRCODE          0003-0005              3           2
                         1000-125A            25B
                         1800-1FFF            800
        STRING           0003-0005              3           2
                         1000-125A            100
                         1800-1FFF            100

                                  Symbol Table

?_Calculus_Temperature                   cstackBANK1  00B4
?_Use_Channel                            cstackCOMMON 0070
?__Umul8_16                              cstackCOMMON 0070
?___fladd                                cstackBANK0  0059
?___fldiv                                cstackBANK0  003F
?___flmul                                cstackBANK0  0025
?___fltol                                cstackCOMMON 0070
?___lwdiv                                cstackCOMMON 0070
?___lwmod                                cstackCOMMON 0077
?___xxtofl                               cstackCOMMON 0070
?_eval_poly                              cstackBANK1  00A0
?_frexp                                  cstackBANK0  0020
?_log                                    cstackBANK1  00B0
?_sprintf                                cstackBANK0  0020
?_strncmp                                cstackCOMMON 0070
Calculus_Temperature@a                   cstackBANK1  00B8
Calculus_Temperature@tempC               cstackBANK1  00C8
Calculus_Temperature@temperature         cstackBANK1  00B4
LCD_Char@dat                             cstackCOMMON 0072
LCD_Command@cmd                          cstackCOMMON 0072
LCD_String@msg                           cstackCOMMON 0073
LCD_String_xy@location                   cstackCOMMON 0079
LCD_String_xy@msg                        cstackCOMMON 0076
LCD_String_xy@pos                        cstackCOMMON 0075
LCD_String_xy@row                        cstackCOMMON 0078
Sensors_IHM@alarm_activate               cstackCOMMON 0070
Use_Channel@select                       cstackCOMMON 0070
_ADCON0bits                              (abs)        001F
_ADCON1bits                              (abs)        009F
_ADC_Init                                text33       1263
_ADRESH                                  (abs)        001E
_ADRESL                                  (abs)        009E
_ANSEL                                   (abs)        0188
_ANSELH                                  (abs)        0189
_Calculus_Temperature                    text14       0E75
_Calculus_Temperature$1076               cstackBANK1  00BC
_Calculus_Temperature$1077               cstackBANK1  00C0
_Calculus_Temperature$1078               cstackBANK1  00C4
_Estado                                  bssBANK0     006F
_LCD_Char                                text29       13E7
_LCD_Clear                               text30       127E
_LCD_Command                             text32       13B1
_LCD_Init                                text31       135C
_LCD_String                              text28       12E9
_LCD_String_xy                           text27       130F
_OPTION_REGbits                          (abs)        0081
_OSCCON                                  (abs)        008F
_PORTB                                   (abs)        0006
_PORTD                                   (abs)        0008
_PORTDbits                               (abs)        0008
_PORTE                                   (abs)        0009
_RC0                                     (abs)        0038
_RC1                                     (abs)        0039
_RC2                                     (abs)        003A
_RE0                                     (abs)        0048
_RE1                                     (abs)        0049
_RE2                                     (abs)        004A
_Sensors_IHM                             text6        12B1
_TRISA                                   (abs)        0085
_TRISB                                   (abs)        0086
_TRISC                                   (abs)        0087
_TRISD                                   (abs)        0088
_TRISE                                   (abs)        0089
_Use_Channel                             text13       12C8
__H__absolute__                          __absolute__ 0000
__Habs1                                  abs1         0000
__Hbank0                                 bank0        0000
__Hbank1                                 bank1        0000
__Hbank2                                 bank2        0000
__Hbank3                                 bank3        0000
__HbssBANK0                              bssBANK0     0000
__HbssBANK1                              bssBANK1     0000
__HbssBANK3                              bssBANK3     0000
__Hcinit                                 cinit        0800
__Hclrtext                               clrtext      0000
__Hcode                                  code         0000
__Hcommon                                common       0000
__Hconfig                                config       2009
__HcstackBANK0                           cstackBANK0  0000
__HcstackBANK1                           cstackBANK1  0000
__HcstackCOMMON                          cstackCOMMON 0000
__HdataBANK3                             dataBANK3    0000
__Heeprom_data                           eeprom_data  0000
__Hend_init                              end_init     0003
__Hfunctab                               functab      0000
__HidataBANK3                            idataBANK3   0000
__Hinit                                  init         0000
__Hinittext                              inittext     0000
__Hintentry                              intentry     0000
__Hmaintext                              maintext     0000
__Hpowerup                               powerup      0000
__Hram                                   ram          0000
__Hreset_vec                             reset_vec    0000
__Hsfr0                                  sfr0         0000
__Hsfr1                                  sfr1         0000
__Hsfr2                                  sfr2         0000
__Hsfr3                                  sfr3         0000
__Hspace_0                               (abs)        1800
__Hspace_1                               (abs)        01B1
__Hspace_2                               (abs)        0000
__Hspace_3                               (abs)        0000
__Hspace_4                               (abs)        4010
__Hstack                                 stack        0000
__Hstrings                               strings      0000
__Htext                                  text         0000
__L__absolute__                          __absolute__ 0000
__Labs1                                  abs1         0000
__Lbank0                                 bank0        0000
__Lbank1                                 bank1        0000
__Lbank2                                 bank2        0000
__Lbank3                                 bank3        0000
__LbssBANK0                              bssBANK0     0000
__LbssBANK1                              bssBANK1     0000
__LbssBANK3                              bssBANK3     0000
__Lcinit                                 cinit        07DC
__Lclrtext                               clrtext      0000
__Lcode                                  code         0000
__Lcommon                                common       0000
__Lconfig                                config       0000
__LcstackBANK0                           cstackBANK0  0000
__LcstackBANK1                           cstackBANK1  0000
__LcstackCOMMON                          cstackCOMMON 0000
__LdataBANK3                             dataBANK3    0000
__Leeprom_data                           eeprom_data  0000
__Lend_init                              end_init     0000
__Lfunctab                               functab      0000
__LidataBANK3                            idataBANK3   0000
__Linit                                  init         0000
__Linittext                              inittext     0000
__Lintentry                              intentry     0000
__Lmaintext                              maintext     0000
__Lpowerup                               powerup      0000
__Lram                                   ram          0000
__Lreset_vec                             reset_vec    0000
__Lsfr0                                  sfr0         0000
__Lsfr1                                  sfr1         0000
__Lsfr2                                  sfr2         0000
__Lsfr3                                  sfr3         0000
__Lspace_0                               (abs)        0000
__Lspace_1                               (abs)        0000
__Lspace_2                               (abs)        0000
__Lspace_3                               (abs)        0000
__Lspace_4                               (abs)        0000
__Lstack                                 stack        0000
__Lstrings                               strings      0000
__Ltext                                  text         0000
__S0                                     (abs)        1800
__S1                                     (abs)        01B1
__S3                                     (abs)        0000
__Umul8_16                               text20       1335
__Umul8_16@multiplicand                  cstackCOMMON 0070
__Umul8_16@multiplier                    cstackCOMMON 0078
__Umul8_16@product                       cstackCOMMON 0074
__Umul8_16@word_mpld                     cstackCOMMON 0076
___fladd                                 text21       023F
___fladd@a                               cstackBANK0  005D
___fladd@aexp                            cstackBANK0  006A
___fladd@b                               cstackBANK0  0059
___fladd@bexp                            cstackBANK0  006B
___fladd@grs                             cstackBANK0  006C
___fladd@signs                           cstackBANK0  0069
___fldiv                                 text25       0070
___fldiv@a                               cstackBANK0  003F
___fldiv@aexp                            cstackBANK0  0058
___fldiv@b                               cstackBANK0  0043
___fldiv@bexp                            cstackBANK0  0057
___fldiv@grs                             cstackBANK0  0053
___fldiv@new_exp                         cstackBANK0  0051
___fldiv@rem                             cstackBANK0  004C
___fldiv@sign                            cstackBANK0  0050
___fleq                                  text17       08C8
___fleq@ff1                              cstackCOMMON 0070
___fleq@ff2                              cstackCOMMON 0074
___flge                                  text23       16B2
___flge@ff1                              cstackCOMMON 0070
___flge@ff2                              cstackCOMMON 0074
___flmul                                 text19       0497
___flmul@a                               cstackBANK0  0029
___flmul@aexp                            cstackBANK0  0033
___flmul@b                               cstackBANK0  0025
___flmul@bexp                            cstackBANK0  0038
___flmul@grs                             cstackBANK0  0034
___flmul@prod                            cstackBANK0  0039
___flmul@sign                            cstackBANK0  0032
___flmul@temp                            cstackBANK0  003D
___fltol                                 text24       15BF
___fltol@exp1                            cstackCOMMON 0079
___fltol@f1                              cstackCOMMON 0070
___fltol@sign1                           cstackCOMMON 0078
___int_sp                                stack        0000
___latbits                               (abs)        0002
___lwdiv                                 text12       14D9
___lwdiv@counter                         cstackCOMMON 0076
___lwdiv@dividend                        cstackCOMMON 0072
___lwdiv@divisor                         cstackCOMMON 0070
___lwdiv@quotient                        cstackCOMMON 0074
___lwmod                                 text11       141D
___lwmod@counter                         cstackCOMMON 007B
___lwmod@dividend                        cstackCOMMON 0079
___lwmod@divisor                         cstackCOMMON 0077
___sp                                    stack        0000
___stackhi                               (abs)        0000
___stacklo                               (abs)        0000
___xxtofl                                text22       09C9
___xxtofl@arg                            cstackCOMMON 007A
___xxtofl@exp                            cstackCOMMON 0079
___xxtofl@sign                           cstackCOMMON 0078
___xxtofl@val                            cstackCOMMON 0070
__end_of_ADC_Init                        text33       126F
__end_of_Calculus_Temperature            text14       1000
__end_of_LCD_Char                        text29       141D
__end_of_LCD_Clear                       text30       128E
__end_of_LCD_Command                     text32       13E7
__end_of_LCD_Init                        text31       1386
__end_of_LCD_String                      text28       130F
__end_of_LCD_String_xy                   text27       1335
__end_of_Sensors_IHM                     text6        12C8
__end_of_Use_Channel                     text13       12E9
__end_of__Umul8_16                       text20       135C
__end_of___fladd                         text21       0497
__end_of___fldiv                         text25       023F
__end_of___fleq                          text17       0916
__end_of___flge                          text23       1754
__end_of___flmul                         text19       07DC
__end_of___fltol                         text24       1635
__end_of___lwdiv                         text12       151D
__end_of___lwmod                         text11       1457
__end_of___xxtofl                        text22       0A81
__end_of__initialization                 cinit        07FC
__end_of__stringtab                      strings      0810
__end_of_dpowers                         strings      081A
__end_of_eval_poly                       text18       0B5B
__end_of_frexp                           text16       15BF
__end_of_function_Alarm                  text26       1498
__end_of_function_Environment            text9        09C9
__end_of_function_Environment_alarm      text8        14D9
__end_of_function_Locked                 text7        13B1
__end_of_function_Monitoring             text5        16B2
__end_of_function_Security               text2        1800
__end_of_keypad_getkey                   text4        0C3D
__end_of_keypad_init                     text1        127E
__end_of_log                             text15       0E75
__end_of_main                            maintext     0070
__end_of_password                        strings      0843
__end_of_sprintf                         text10       0D2F
__end_of_strncmp                         text3        1563
__end_oflog@coeff                        strings      083E
__initialization                         cinit        07DC
__pbssBANK0                              bssBANK0     006F
__pbssBANK1                              bssBANK1     00D3
__pbssBANK3                              bssBANK3     0190
__pcstackBANK0                           cstackBANK0  0020
__pcstackBANK1                           cstackBANK1  00A0
__pcstackCOMMON                          cstackCOMMON 0070
__pdataBANK3                             dataBANK3    01A1
__pidataBANK3                            idataBANK3   128E
__pmaintext                              maintext     0006
__pstrings                               strings      0800
__ptext1                                 text1        126F
__ptext10                                text10       0C3D
__ptext11                                text11       141D
__ptext12                                text12       14D9
__ptext13                                text13       12C8
__ptext14                                text14       0E75
__ptext15                                text15       0D2F
__ptext16                                text16       1563
__ptext17                                text17       08C8
__ptext18                                text18       0A81
__ptext19                                text19       0497
__ptext2                                 text2        1754
__ptext20                                text20       1335
__ptext21                                text21       023F
__ptext22                                text22       09C9
__ptext23                                text23       16B2
__ptext24                                text24       15BF
__ptext25                                text25       0070
__ptext26                                text26       1457
__ptext27                                text27       130F
__ptext28                                text28       12E9
__ptext29                                text29       13E7
__ptext3                                 text3        151D
__ptext30                                text30       127E
__ptext31                                text31       135C
__ptext32                                text32       13B1
__ptext33                                text33       1263
__ptext4                                 text4        0B5B
__ptext5                                 text5        1635
__ptext6                                 text6        12B1
__ptext7                                 text7        1386
__ptext8                                 text8        1498
__ptext9                                 text9        0916
__stringbase                             strings      080F
__stringtab                              strings      0800
_buffer                                  bssBANK3     0190
_dpowers                                 strings      0810
_errno                                   bssBANK1     00D3
_eval_poly                               text18       0A81
_frexp                                   text16       1563
_function_Alarm                          text26       1457
_function_Environment                    text9        0916
_function_Environment_alarm              text8        1498
_function_Locked                         text7        1386
_function_Monitoring                     text5        1635
_function_Security                       text2        1754
_idx                                     bssBANK1     00D6
_intend                                  bssBANK1     00D7
_keypad_getkey                           text4        0B5B
_keypad_init                             text1        126F
_log                                     text15       0D2F
_main                                    maintext     0006
_pass_user                               bssBANK1     00DB
_password                                strings      083E
_sprintf                                 text10       0C3D
_strncmp                                 text3        151D
_var_sensor_hall                         bssBANK1     00D9
_var_sensor_ir                           bssBANK1     00DA
_var_sensor_metal                        bssBANK1     00D8
btemp                                    (abs)        007E
clear_ram0                               clrtext      125B
end_of_initialization                    cinit        07FC
eval_poly@d                              cstackBANK1  00A4
eval_poly@n                              cstackBANK1  00A5
eval_poly@res                            cstackBANK1  00AC
eval_poly@x                              cstackBANK1  00A0
frexp@eptr                               cstackBANK0  0024
frexp@value                              cstackBANK0  0020
function_Alarm@time                      cstackCOMMON 007D
function_Environment@temperature_celsius cstackBANK1  00D1
function_Environment@value_temperature   cstackBANK1  00CF
function_Environment_alarm@time2         cstackCOMMON 007D
function_Security@key                    cstackCOMMON 007D
init_fetch0                              inittext     129E
init_ram0                                inittext     12A2
intlevel0                                functab      0000
intlevel1                                functab      0000
intlevel2                                functab      0000
intlevel3                                functab      0000
intlevel4                                functab      0000
intlevel5                                functab      0000
keypad_getkey@F1268                      dataBANK3    01A1
keypad_getkey@i                          cstackBANK0  0031
keypad_getkey@letters                    cstackBANK0  0020
keypad_getkey@value                      cstackBANK0  0030
log@coeff                                strings      081A
log@exponent                             cstackBANK0  006D
log@x                                    cstackBANK1  00B0
reset_vec                                reset_vec    0000
sprintf@ap                               cstackBANK0  002A
sprintf@c                                cstackBANK0  0032
sprintf@ccnt                             cstackBANK0  002C
sprintf@f                                cstackBANK0  0020
sprintf@flag                             cstackBANK0  002B
sprintf@prec                             cstackBANK0  002E
sprintf@sp                               cstackBANK0  0031
sprintf@val                              cstackBANK0  002F
start                                    init         0000
start_initialization                     cinit        07DC
strncmp@len                              cstackCOMMON 0071
strncmp@s1                               cstackCOMMON 0075
strncmp@s2                               cstackCOMMON 0070
wtemp0                                   (abs)        007E


MODULE INFORMATION

Module		Function		Class		Link	Load	Size
C:\Program Files\Microchip\xc8\v2.41\pic\sources\c90\common\frexp.c
		_frexp         		CODE           	1563	0000	92

C:\Program Files\Microchip\xc8\v2.41\pic\sources\c90\common\frexp.c estimated size: 92

C:\Program Files\Microchip\xc8\v2.41\pic\sources\c90\common\sprcmul.c
		___flmul       		CODE           	0497	0000	837

C:\Program Files\Microchip\xc8\v2.41\pic\sources\c90\common\sprcmul.c estimated size: 837

C:\Program Files\Microchip\xc8\v2.41\pic\sources\c90\common\flge.c
		___flge        		CODE           	16B2	0000	162

C:\Program Files\Microchip\xc8\v2.41\pic\sources\c90\common\flge.c estimated size: 162

C:\Program Files\Microchip\xc8\v2.41\pic\sources\c90\common\sprcdiv.c
		___fldiv       		CODE           	0070	0000	463

C:\Program Files\Microchip\xc8\v2.41\pic\sources\c90\common\sprcdiv.c estimated size: 463

Sensors_Control.c
		_Use_Channel   		CODE           	12C8	0000	33
		_Sensors_IHM   		CODE           	12B1	0000	23
		_Calculus_Temperature		CODE           	0E75	0000	395
		_ADC_Init      		CODE           	1263	0000	12

Sensors_Control.c estimated size: 463

keypad.c
		_keypad_init   		CODE           	126F	0000	15
		_keypad_getkey 		CODE           	0B5B	0000	226

keypad.c estimated size: 241

C:\Program Files\Microchip\xc8\v2.41\pic\sources\c90\common\lwdiv.c
		___lwdiv       		CODE           	14D9	0000	68

C:\Program Files\Microchip\xc8\v2.41\pic\sources\c90\common\lwdiv.c estimated size: 68

C:\Program Files\Microchip\xc8\v2.41\pic\sources\c90\common\strncmp.c
		_strncmp       		CODE           	151D	0000	70

C:\Program Files\Microchip\xc8\v2.41\pic\sources\c90\common\strncmp.c estimated size: 70

C:\Program Files\Microchip\xc8\v2.41\pic\sources\c90\common\fltol.c
		___fltol       		CODE           	15BF	0000	118

C:\Program Files\Microchip\xc8\v2.41\pic\sources\c90\common\fltol.c estimated size: 118

C:\Program Files\Microchip\xc8\v2.41\pic\sources\c90\common\sprcadd.c
		___fladd       		CODE           	023F	0000	600

C:\Program Files\Microchip\xc8\v2.41\pic\sources\c90\common\sprcadd.c estimated size: 600

Main_Seguridad.c
		_main          		CODE           	0006	0000	106

Main_Seguridad.c estimated size: 106

C:\Program Files\Microchip\xc8\v2.41\pic\sources\c90\common\fleq.c
		___fleq        		CODE           	08C8	0000	78

C:\Program Files\Microchip\xc8\v2.41\pic\sources\c90\common\fleq.c estimated size: 78

C:\Program Files\Microchip\xc8\v2.41\pic\sources\c90\common\xxtofl.c
		___xxtofl      		CODE           	09C9	0000	184

C:\Program Files\Microchip\xc8\v2.41\pic\sources\c90\common\xxtofl.c estimated size: 184

shared
		__stringtab    		STRING         	0800	0000	16
		_dpowers       		STRING         	0810	0000	10
		_password      		STRING         	083E	0000	5
		__initialization		CODE           	07DC	0000	32
		log@coeff      		STRING         	081A	0000	36

shared estimated size: 99

C:\Program Files\Microchip\xc8\v2.41\pic\sources\c90\common\evalpoly.c
		_eval_poly     		CODE           	0A81	0000	218

C:\Program Files\Microchip\xc8\v2.41\pic\sources\c90\common\evalpoly.c estimated size: 218

C:\Program Files\Microchip\xc8\v2.41\pic\sources\c90\common\Umul8_16.c
		__Umul8_16     		CODE           	1335	0000	39

C:\Program Files\Microchip\xc8\v2.41\pic\sources\c90\common\Umul8_16.c estimated size: 39

C:\Program Files\Microchip\xc8\v2.41\pic\sources\c90\common\log.c
		_log           		CODE           	0D2F	0000	326

C:\Program Files\Microchip\xc8\v2.41\pic\sources\c90\common\log.c estimated size: 326

lcd.c
		_LCD_String    		CODE           	12E9	0000	38
		_LCD_Init      		CODE           	135C	0000	42
		_LCD_Command   		CODE           	13B1	0000	54
		_LCD_String_xy 		CODE           	130F	0000	38
		_LCD_Char      		CODE           	13E7	0000	54
		_LCD_Clear     		CODE           	127E	0000	16

lcd.c estimated size: 242

C:\Program Files\Microchip\xc8\v2.41\pic\sources\c90\common\doprnt.c
		_sprintf       		CODE           	0C3D	0000	242

C:\Program Files\Microchip\xc8\v2.41\pic\sources\c90\common\doprnt.c estimated size: 242

C:\Program Files\Microchip\xc8\v2.41\pic\sources\c90\common\lwmod.c
		___lwmod       		CODE           	141D	0000	58

C:\Program Files\Microchip\xc8\v2.41\pic\sources\c90\common\lwmod.c estimated size: 58

Funciones_Estado.c
		_function_Monitoring		CODE           	1635	0000	125
		_function_Environment		CODE           	0916	0000	179
		_function_Environment_alarm		CODE           	1498	0000	65
		_function_Alarm		CODE           	1457	0000	65
		_function_Security		CODE           	1754	0000	172
		_function_Locked		CODE           	1386	0000	43

Funciones_Estado.c estimated size: 649

